<!DOCTYPE html><html><head><title>Layout</title><link rel="stylesheet" href="bootstrap/css/bootstrap.css"/><link rel="stylesheet" href="style.css"/></head><body><div class="container"><header class="clearfix"><div id="intro"><h1>Steer the Beat</h1><div id="station">I'm steering the<input type="text" value="enter a song name..."/><a href="#" class="hide">(change) </a>station.<ul></ul></div></div><div id="my-name">My name is<input type="text" value="enter your name here..."/>.</div></header><div class="row"><div class="span4"><div id="rate"><h2>Rate</h2><a href="#" data-val="5" class="rating"><img src="/images/icons/love.png" alt="Love"/></a><a href="#" data-val="4" class="rating"><img src="/images/icons/like.png" alt="Like"/></a><a href="#" data-val="3" class="rating"><img src="/images/icons/ok.png" alt="OK"/></a><a href="#" data-val="2" class="rating"><img src="/images/icons/dislike.png" alt="Dislike"/></a><a href="#" data-val="1" class="rating"><img src="/images/icons/hate.png" alt="Hate"/></a></div><div id="visuals"><div id="boost-button"><a href="#" class="btn btn-danger">Boost song <i class="icon-chevron-up icon-white"></i></a></div><img id="album-art"/><div id="play-progress-container" class="progress progress-striped active progress-danger"><div id="play-progress-bar" style="width: 0%" class="bar"></div></div><p class="hide"><span class="text" id="playProgress"></span>
<br />
<span class="text" id="playProgressDeets"></span></p><div id="skip-button"><a href="#" class="btn btn-primary">Skip song <i class="icon-chevron-right icon-white"></i></a></div></div></div><div class="span4"><!-- TODO: add these elements dynamically via JS--><div id="search" class="clearfix"><label for="search">Drive:</label><input type="text" value="Type a song name to play it now..."/><ul></ul></div><p id="song"><span class="heading">Song:</span>
<span class="text"></span></p><p id="artist"><span class="heading">Artist:</span>
<span class="text"></span></p><p id="album"><span class="heading">Album:</span>
<span class="text"></span></p></div></div><div id="sidebar" class="span4"><h3>Users</h3><ul id="user-list"><li>Loading user list...</li></ul><h3>Messages</h3><ul id="message-list"><li>Connecting...</li></ul></div><div id="boosts" class="row"><div class="span6"><h2>Boosts</h2><div class="boost inactive"><span href="#" rel="popover" title="Boost a song" data-content="When you hear a song you like, click &quot;Boost song&quot; to play more songs like it." class="boost-img"><img/></span><a href="#" data-index="0" class="close-link"><img src="/images/icons/close.png"/></a></div><div class="boost inactive"><span href="#" rel="popover" title="Boost a song" data-content="When you hear a song you like, click &quot;Boost song&quot; to play more songs like it." class="boost-img"><img/></span><a href="#" data-index="1" class="close-link"><img src="/images/icons/close.png"/></a></div><div class="boost inactive last"><span href="#" rel="popover" title="Boost a song" data-content="When you hear a song you like, click &quot;Boost song&quot; to play more songs like it." class="boost-img"><img/></span><a href="#" data-index="2" class="close-link"><img src="/images/icons/close.png"/></a></div></div><div id="sliders" class="span2"><h2>Advanced</h2><p>Adventurousness</p><div id="adventure" class="sliderbar"></div><p>Min Danceability</p><div id="min-dance" class="sliderbar"></div><p>Min Energy</p><div id="min-energy" class="sliderbar"></div></div></div><footer><p>Copyright &copy; 2012 Steer the Beat.</p></footer></div></body></html>