<!DOCTYPE html>
<!--[if lt IE 7]> <html id="ie6" lang="en"> <![endif]-->
<!--[if IE 7]>    <html id="ie7" lang="en"> <![endif]-->
<!--[if IE 8]>    <html id="ie8" lang="en"> <![endif]-->
<!--[if gt IE 8]><!--> <html lang="en"> <!--<![endif]-->
<head>
    <meta charset="utf-8"/>
    <meta http-equiv="X-UA-Compatible" content="IE=edge,chrome=1"/>
    <meta name="viewport" content="width=device-width,initial-scale=1"/>

    <title>Karthik Viswanathan</title>

    <link rel="stylesheet" href="http://fonts.googleapis.com/css?family=Copse"/>
    <link rel="stylesheet" href="http://karthikv.net/css/style.min.css?v=1316240319"/>
    
    <!--[if lt IE 9]>
    <script src="//html5shim.googlecode.com/svn/trunk/html5.js"></script>
    <![endif]-->

    <link rel="alternate" type="application/rss+xml" title="Karthik Viswanathan &raquo; About Comments Feed" href="http://karthikv.net/about/feed"/>
    <link rel="index" title="Karthik Viswanathan" href="http://karthikv.net"/>
    <link rel="prev" title="Blog" href="http://karthikv.net/blog"/>
    <link rel="next" title="Contact" href="http://karthikv.net/contact"/>

    <!-- All in One SEO Pack 1.6.12.1 by Michael Torbert of Semper Fi Web Design[422,448] -->
    <meta name="description" content="Karthik Viswanathan is a high school student interested in web development and computer science. This is his portfolio and blog."/>
    <link rel="canonical" href="http://karthikv.net/"/>
    <!-- /all in one seo pack -->
</head>
<body>

    <div id="container">
        <header>
            <p><a href="http://karthikv.net/">Karthik Viswanathan</a></p>
            <nav>
                <ul class="clearfix">
                    <li><a href="http://karthikv.net/portfolio">Portfolio</a></li>
                    <li><a href="http://karthikv.net/publications">Publications</a></li>
                    <li><a href="http://karthikv.net/contact">Contact</a></li>
                    <li class="last">
                        <form action="http://karthikv.net/" method="get" accept-charset="utf-8">
                            <input type="text" name="s" id="search-field" value="Search..."/>
                            <input type="submit" class="hidden" value="Submit &rarr;"/>
                        </form>
                    </li>
                </ul>
            </nav>

                        <h1><a href="http://karthikv.net/" class="ir">Karthik V</a></h1>
            
            <ul>
                <li><a href="http://twitter.com/karthikvnet" id="twitter" class="ir">Twitter</a></li>
                <li><a href="http://forrst.me/karthik" id="forrst" class="ir">Forrst</a></li>
            </ul>
        </header>

        <div id="main" role="main">

<section id="about">
	<h2 class="section-heading">About</h2>
	<img src="http://karthikv.net/images/icons/about.png" alt="About" class="section-icon"/>
<h3>Synopsis</h3>
<p>Zealous web developer, computer science devotee, and ultimate frisbee aficionado.</p>
<ul>
<li><img src="images/web-development.png" id="web-development" alt="Web Development"/></li>
<li><img src="images/computer-science.png" id="computer-science" alt="Computer Science"/></li>
<li class="last"><img src="images/ultimate-frisbee.png" id="ultimate-frisbee" alt="Ultimate Frisbee"/></li>
</ul>
<h3>In-depth</h3>
<p>Hello. My name is Karthik Viswanathan. I&#8217;m an undergraduate student studying at <a href="http://stanford.edu/">Stanford University</a> who enjoys programming, web development, robotics, and ultimate frisbee. I have five years of experience in HTML, CSS, JavaScript, PHP, SQL, and Java. I have also been working with C and C++ for the past three years. More importantly, I love what I do and am always interested in expanding my knowledge.</p>
<p>Thanks for visiting and please feel free to <a href="/contact">contact me</a> if you have any questions, comments, job offers (preferred, of course), etc. In case you&#8217;re interested, take a look at <a href="http://karthikv.net/karthik-viswanathan-resume.pdf">my résumé</a> as well.</p>
<p>Oh, and by the way, <a href="http://twitter.com/karthikvnet">following me on Twitter</a> won&#8217;t hurt, right?</p>
</section>
        </div>

        <footer>
            <img src="http://karthikv.net/images/icons/love.png" alt="Love" id="footer-icon"/>
            <p>Made with much love by Karthik Viswanathan.</p>
        </footer>
    </div>

    <script src="http://karthikv.net/js/prettify.min.js?v=1316231018"></script>
    <script src="http://karthikv.net/js/script.min.js?v=1316222848"></script>
    <script src="http://karthikv.net/js/respond.min.js?v=1316246035"></script>

    <script>
        var _gaq=[['_setAccount','UA-18106041-1'],['_trackPageview']];
        (function(d,t){var g=d.createElement(t),s=d.getElementsByTagName(t)[0];g.async=1;
        g.src=('https:'==location.protocol?'//ssl':'//www')+'.google-analytics.com/ga.js';
        s.parentNode.insertBefore(g,s)}(document,'script'));
    </script>
    <script src="jquery-1.7.2.js"></script>
</body>
</html>
